# sigs.k8s.io/external-dns/controller.test
ld: warning: '/private/var/folders/hx/yjb7yhn14t1_tw309nvn58sc0000gr/T/go-link-3341065328/000013.o' has malformed LC_DYSYMTAB, expected 98 undefined symbols to start at index 1626, found 95 undefined symbols starting at index 1626
?   	sigs.k8s.io/external-dns	[no test files]
?   	sigs.k8s.io/external-dns/apis	[no test files]
?   	sigs.k8s.io/external-dns/apis/v1alpha1	[no test files]
# sigs.k8s.io/external-dns/internal/gen/docs/metrics.test
ld: warning: '/private/var/folders/hx/yjb7yhn14t1_tw309nvn58sc0000gr/T/go-link-577690672/000013.o' has malformed LC_DYSYMTAB, expected 98 undefined symbols to start at index 1626, found 95 undefined symbols starting at index 1626
# sigs.k8s.io/external-dns/internal/testutils.test
ld: warning: '/private/var/folders/hx/yjb7yhn14t1_tw309nvn58sc0000gr/T/go-link-690218267/000013.o' has malformed LC_DYSYMTAB, expected 98 undefined symbols to start at index 1626, found 95 undefined symbols starting at index 1626
ok  	sigs.k8s.io/external-dns/controller	(cached)
ok  	sigs.k8s.io/external-dns/endpoint	(cached)
?   	sigs.k8s.io/external-dns/internal/config	[no test files]
ok  	sigs.k8s.io/external-dns/internal/flags	(cached)
# sigs.k8s.io/external-dns/pkg/apis/externaldns.test
ld: warning: '/private/var/folders/hx/yjb7yhn14t1_tw309nvn58sc0000gr/T/go-link-663958765/000013.o' has malformed LC_DYSYMTAB, expected 98 undefined symbols to start at index 1626, found 95 undefined symbols starting at index 1626
# sigs.k8s.io/external-dns/pkg/http.test
ld: warning: '/private/var/folders/hx/yjb7yhn14t1_tw309nvn58sc0000gr/T/go-link-970363209/000013.o' has malformed LC_DYSYMTAB, expected 98 undefined symbols to start at index 1626, found 95 undefined symbols starting at index 1626
# sigs.k8s.io/external-dns/plan.test
ld: warning: '/private/var/folders/hx/yjb7yhn14t1_tw309nvn58sc0000gr/T/go-link-1521340694/000013.o' has malformed LC_DYSYMTAB, expected 98 undefined symbols to start at index 1626, found 95 undefined symbols starting at index 1626
# sigs.k8s.io/external-dns/provider.test
ld: warning: '/private/var/folders/hx/yjb7yhn14t1_tw309nvn58sc0000gr/T/go-link-2143843198/000013.o' has malformed LC_DYSYMTAB, expected 98 undefined symbols to start at index 1626, found 95 undefined symbols starting at index 1626
# sigs.k8s.io/external-dns/pkg/metrics.test
ld: warning: '/private/var/folders/hx/yjb7yhn14t1_tw309nvn58sc0000gr/T/go-link-164257014/000013.o' has malformed LC_DYSYMTAB, expected 98 undefined symbols to start at index 1626, found 95 undefined symbols starting at index 1626
# sigs.k8s.io/external-dns/provider/akamai.test
ld: warning: '/private/var/folders/hx/yjb7yhn14t1_tw309nvn58sc0000gr/T/go-link-2103352796/000013.o' has malformed LC_DYSYMTAB, expected 98 undefined symbols to start at index 1626, found 95 undefined symbols starting at index 1626
# sigs.k8s.io/external-dns/provider/alibabacloud.test
ld: warning: '/private/var/folders/hx/yjb7yhn14t1_tw309nvn58sc0000gr/T/go-link-3307282349/000013.o' has malformed LC_DYSYMTAB, expected 98 undefined symbols to start at index 1626, found 95 undefined symbols starting at index 1626
# sigs.k8s.io/external-dns/provider/aws.test
ld: warning: '/private/var/folders/hx/yjb7yhn14t1_tw309nvn58sc0000gr/T/go-link-4101603450/000013.o' has malformed LC_DYSYMTAB, expected 98 undefined symbols to start at index 1626, found 95 undefined symbols starting at index 1626
# sigs.k8s.io/external-dns/provider/awssd.test
ld: warning: '/private/var/folders/hx/yjb7yhn14t1_tw309nvn58sc0000gr/T/go-link-1086166123/000013.o' has malformed LC_DYSYMTAB, expected 98 undefined symbols to start at index 1626, found 95 undefined symbols starting at index 1626
# sigs.k8s.io/external-dns/provider/azure.test
ld: warning: '/private/var/folders/hx/yjb7yhn14t1_tw309nvn58sc0000gr/T/go-link-3123542093/000013.o' has malformed LC_DYSYMTAB, expected 98 undefined symbols to start at index 1626, found 95 undefined symbols starting at index 1626
# sigs.k8s.io/external-dns/provider/civo.test
ld: warning: '/private/var/folders/hx/yjb7yhn14t1_tw309nvn58sc0000gr/T/go-link-922792629/000013.o' has malformed LC_DYSYMTAB, expected 98 undefined symbols to start at index 1626, found 95 undefined symbols starting at index 1626
# sigs.k8s.io/external-dns/provider/coredns.test
ld: warning: '/private/var/folders/hx/yjb7yhn14t1_tw309nvn58sc0000gr/T/go-link-1594497897/000013.o' has malformed LC_DYSYMTAB, expected 98 undefined symbols to start at index 1626, found 95 undefined symbols starting at index 1626
# sigs.k8s.io/external-dns/provider/digitalocean.test
ld: warning: '/private/var/folders/hx/yjb7yhn14t1_tw309nvn58sc0000gr/T/go-link-3726684757/000013.o' has malformed LC_DYSYMTAB, expected 98 undefined symbols to start at index 1626, found 95 undefined symbols starting at index 1626
# sigs.k8s.io/external-dns/provider/dnsimple.test
ld: warning: '/private/var/folders/hx/yjb7yhn14t1_tw309nvn58sc0000gr/T/go-link-3098387265/000013.o' has malformed LC_DYSYMTAB, expected 98 undefined symbols to start at index 1626, found 95 undefined symbols starting at index 1626
# sigs.k8s.io/external-dns/provider/exoscale.test
ld: warning: '/private/var/folders/hx/yjb7yhn14t1_tw309nvn58sc0000gr/T/go-link-3123295155/000013.o' has malformed LC_DYSYMTAB, expected 98 undefined symbols to start at index 1626, found 95 undefined symbols starting at index 1626
# sigs.k8s.io/external-dns/provider/gandi.test
ld: warning: '/private/var/folders/hx/yjb7yhn14t1_tw309nvn58sc0000gr/T/go-link-4287964436/000013.o' has malformed LC_DYSYMTAB, expected 98 undefined symbols to start at index 1626, found 95 undefined symbols starting at index 1626
# sigs.k8s.io/external-dns/provider/cloudflare.test
ld: warning: '/private/var/folders/hx/yjb7yhn14t1_tw309nvn58sc0000gr/T/go-link-306164998/000013.o' has malformed LC_DYSYMTAB, expected 98 undefined symbols to start at index 1626, found 95 undefined symbols starting at index 1626
# sigs.k8s.io/external-dns/provider/godaddy.test
ld: warning: '/private/var/folders/hx/yjb7yhn14t1_tw309nvn58sc0000gr/T/go-link-1833158189/000013.o' has malformed LC_DYSYMTAB, expected 98 undefined symbols to start at index 1626, found 95 undefined symbols starting at index 1626
# sigs.k8s.io/external-dns/provider/google.test
ld: warning: '/private/var/folders/hx/yjb7yhn14t1_tw309nvn58sc0000gr/T/go-link-3284746314/000013.o' has malformed LC_DYSYMTAB, expected 98 undefined symbols to start at index 1626, found 95 undefined symbols starting at index 1626
# sigs.k8s.io/external-dns/provider/inmemory.test
ld: warning: '/private/var/folders/hx/yjb7yhn14t1_tw309nvn58sc0000gr/T/go-link-496830477/000013.o' has malformed LC_DYSYMTAB, expected 98 undefined symbols to start at index 1626, found 95 undefined symbols starting at index 1626
# sigs.k8s.io/external-dns/provider/ns1.test
ld: warning: '/private/var/folders/hx/yjb7yhn14t1_tw309nvn58sc0000gr/T/go-link-1663364073/000013.o' has malformed LC_DYSYMTAB, expected 98 undefined symbols to start at index 1626, found 95 undefined symbols starting at index 1626
# sigs.k8s.io/external-dns/provider/oci.test
ld: warning: '/private/var/folders/hx/yjb7yhn14t1_tw309nvn58sc0000gr/T/go-link-712111440/000013.o' has malformed LC_DYSYMTAB, expected 98 undefined symbols to start at index 1626, found 95 undefined symbols starting at index 1626
# sigs.k8s.io/external-dns/provider/pdns.test
ld: warning: '/private/var/folders/hx/yjb7yhn14t1_tw309nvn58sc0000gr/T/go-link-2480898470/000013.o' has malformed LC_DYSYMTAB, expected 98 undefined symbols to start at index 1626, found 95 undefined symbols starting at index 1626
# sigs.k8s.io/external-dns/provider/pihole.test
ld: warning: '/private/var/folders/hx/yjb7yhn14t1_tw309nvn58sc0000gr/T/go-link-3521187389/000013.o' has malformed LC_DYSYMTAB, expected 98 undefined symbols to start at index 1626, found 95 undefined symbols starting at index 1626
# sigs.k8s.io/external-dns/provider/linode.test
ld: warning: '/private/var/folders/hx/yjb7yhn14t1_tw309nvn58sc0000gr/T/go-link-3892083121/000013.o' has malformed LC_DYSYMTAB, expected 98 undefined symbols to start at index 1626, found 95 undefined symbols starting at index 1626
# sigs.k8s.io/external-dns/provider/ovh.test
ld: warning: '/private/var/folders/hx/yjb7yhn14t1_tw309nvn58sc0000gr/T/go-link-1480232926/000013.o' has malformed LC_DYSYMTAB, expected 98 undefined symbols to start at index 1626, found 95 undefined symbols starting at index 1626
# sigs.k8s.io/external-dns/provider/plural.test
ld: warning: '/private/var/folders/hx/yjb7yhn14t1_tw309nvn58sc0000gr/T/go-link-3983283728/000013.o' has malformed LC_DYSYMTAB, expected 98 undefined symbols to start at index 1626, found 95 undefined symbols starting at index 1626
# sigs.k8s.io/external-dns/provider/rfc2136.test
ld: warning: '/private/var/folders/hx/yjb7yhn14t1_tw309nvn58sc0000gr/T/go-link-314563187/000013.o' has malformed LC_DYSYMTAB, expected 98 undefined symbols to start at index 1626, found 95 undefined symbols starting at index 1626
# sigs.k8s.io/external-dns/provider/scaleway.test
ld: warning: '/private/var/folders/hx/yjb7yhn14t1_tw309nvn58sc0000gr/T/go-link-549114693/000013.o' has malformed LC_DYSYMTAB, expected 98 undefined symbols to start at index 1626, found 95 undefined symbols starting at index 1626
# sigs.k8s.io/external-dns/provider/transip.test
ld: warning: '/private/var/folders/hx/yjb7yhn14t1_tw309nvn58sc0000gr/T/go-link-3125938418/000013.o' has malformed LC_DYSYMTAB, expected 98 undefined symbols to start at index 1626, found 95 undefined symbols starting at index 1626
# sigs.k8s.io/external-dns/provider/webhook.test
ld: warning: '/private/var/folders/hx/yjb7yhn14t1_tw309nvn58sc0000gr/T/go-link-2968668069/000013.o' has malformed LC_DYSYMTAB, expected 98 undefined symbols to start at index 1626, found 95 undefined symbols starting at index 1626
# sigs.k8s.io/external-dns/provider/webhook/api.test
ld: warning: '/private/var/folders/hx/yjb7yhn14t1_tw309nvn58sc0000gr/T/go-link-2903183225/000013.o' has malformed LC_DYSYMTAB, expected 98 undefined symbols to start at index 1626, found 95 undefined symbols starting at index 1626
# sigs.k8s.io/external-dns/registry/awssd.test
ld: warning: '/private/var/folders/hx/yjb7yhn14t1_tw309nvn58sc0000gr/T/go-link-3507863145/000013.o' has malformed LC_DYSYMTAB, expected 98 undefined symbols to start at index 1626, found 95 undefined symbols starting at index 1626
# sigs.k8s.io/external-dns/registry.test
ld: warning: '/private/var/folders/hx/yjb7yhn14t1_tw309nvn58sc0000gr/T/go-link-2760830027/000013.o' has malformed LC_DYSYMTAB, expected 98 undefined symbols to start at index 1626, found 95 undefined symbols starting at index 1626
# sigs.k8s.io/external-dns/registry/dynamodb.test
ld: warning: '/private/var/folders/hx/yjb7yhn14t1_tw309nvn58sc0000gr/T/go-link-2015586449/000013.o' has malformed LC_DYSYMTAB, expected 98 undefined symbols to start at index 1626, found 95 undefined symbols starting at index 1626
# sigs.k8s.io/external-dns/registry/noop.test
ld: warning: '/private/var/folders/hx/yjb7yhn14t1_tw309nvn58sc0000gr/T/go-link-2139909184/000013.o' has malformed LC_DYSYMTAB, expected 98 undefined symbols to start at index 1626, found 95 undefined symbols starting at index 1626
# sigs.k8s.io/external-dns/registry/txt.test
ld: warning: '/private/var/folders/hx/yjb7yhn14t1_tw309nvn58sc0000gr/T/go-link-624587833/000013.o' has malformed LC_DYSYMTAB, expected 98 undefined symbols to start at index 1626, found 95 undefined symbols starting at index 1626
# sigs.k8s.io/external-dns/source/annotations.test
ld: warning: '/private/var/folders/hx/yjb7yhn14t1_tw309nvn58sc0000gr/T/go-link-1346565276/000013.o' has malformed LC_DYSYMTAB, expected 98 undefined symbols to start at index 1626, found 95 undefined symbols starting at index 1626
# sigs.k8s.io/external-dns/source/wrappers.test
ld: warning: '/private/var/folders/hx/yjb7yhn14t1_tw309nvn58sc0000gr/T/go-link-1992576849/000013.o' has malformed LC_DYSYMTAB, expected 98 undefined symbols to start at index 1626, found 95 undefined symbols starting at index 1626
# sigs.k8s.io/external-dns/source.test
ld: warning: '/private/var/folders/hx/yjb7yhn14t1_tw309nvn58sc0000gr/T/go-link-3949840134/000013.o' has malformed LC_DYSYMTAB, expected 98 undefined symbols to start at index 1626, found 95 undefined symbols starting at index 1626
ok  	sigs.k8s.io/external-dns/internal/gen/docs/flags	1.962s
ok  	sigs.k8s.io/external-dns/internal/gen/docs/metrics	(cached)
ok  	sigs.k8s.io/external-dns/internal/gen/docs/sources	(cached)
ok  	sigs.k8s.io/external-dns/internal/gen/docs/utils	(cached)
ok  	sigs.k8s.io/external-dns/internal/idna	(cached)
ok  	sigs.k8s.io/external-dns/internal/testutils	(cached)
ok  	sigs.k8s.io/external-dns/pkg/apis/externaldns	(cached)
ok  	sigs.k8s.io/external-dns/pkg/apis/externaldns/validation	(cached)
ok  	sigs.k8s.io/external-dns/pkg/events	(cached)
?   	sigs.k8s.io/external-dns/pkg/events/fake	[no test files]
ok  	sigs.k8s.io/external-dns/pkg/http	(cached)
ok  	sigs.k8s.io/external-dns/pkg/metrics	(cached)
ok  	sigs.k8s.io/external-dns/pkg/rfc2317	(cached)
ok  	sigs.k8s.io/external-dns/pkg/tlsutils	(cached)
ok  	sigs.k8s.io/external-dns/plan	(cached)
ok  	sigs.k8s.io/external-dns/provider	(cached)
ok  	sigs.k8s.io/external-dns/provider/akamai	(cached)
ok  	sigs.k8s.io/external-dns/provider/alibabacloud	(cached)
ok  	sigs.k8s.io/external-dns/provider/aws	(cached)
ok  	sigs.k8s.io/external-dns/provider/awssd	(cached)
ok  	sigs.k8s.io/external-dns/provider/azure	(cached)
ok  	sigs.k8s.io/external-dns/provider/civo	(cached)
ok  	sigs.k8s.io/external-dns/provider/cloudflare	(cached)
ok  	sigs.k8s.io/external-dns/provider/coredns	(cached)
ok  	sigs.k8s.io/external-dns/provider/digitalocean	(cached)
ok  	sigs.k8s.io/external-dns/provider/dnsimple	(cached)
ok  	sigs.k8s.io/external-dns/provider/exoscale	(cached)
?   	sigs.k8s.io/external-dns/provider/fakes	[no test files]
ok  	sigs.k8s.io/external-dns/provider/gandi	(cached)
ok  	sigs.k8s.io/external-dns/provider/godaddy	(cached)
ok  	sigs.k8s.io/external-dns/provider/google	(cached)
ok  	sigs.k8s.io/external-dns/provider/inmemory	(cached)
ok  	sigs.k8s.io/external-dns/provider/linode	(cached)
ok  	sigs.k8s.io/external-dns/provider/ns1	(cached)
ok  	sigs.k8s.io/external-dns/provider/oci	(cached)
ok  	sigs.k8s.io/external-dns/provider/ovh	(cached)
ok  	sigs.k8s.io/external-dns/provider/pdns	(cached)
ok  	sigs.k8s.io/external-dns/provider/pihole	(cached)
ok  	sigs.k8s.io/external-dns/provider/plural	(cached)
ok  	sigs.k8s.io/external-dns/provider/rfc2136	(cached)
ok  	sigs.k8s.io/external-dns/provider/scaleway	(cached)
ok  	sigs.k8s.io/external-dns/provider/transip	(cached)
ok  	sigs.k8s.io/external-dns/provider/webhook	(cached)
ok  	sigs.k8s.io/external-dns/provider/webhook/api	(cached)
ok  	sigs.k8s.io/external-dns/registry	(cached)
ok  	sigs.k8s.io/external-dns/registry/awssd	(cached)
ok  	sigs.k8s.io/external-dns/registry/dynamodb	(cached)
ok  	sigs.k8s.io/external-dns/registry/mapper	(cached)
ok  	sigs.k8s.io/external-dns/registry/noop	(cached)
ok  	sigs.k8s.io/external-dns/registry/txt	(cached)
ok  	sigs.k8s.io/external-dns/source	(cached)
ok  	sigs.k8s.io/external-dns/source/annotations	(cached)
ok  	sigs.k8s.io/external-dns/source/fqdn	(cached)
ok  	sigs.k8s.io/external-dns/source/informers	(cached)
?   	sigs.k8s.io/external-dns/source/types	[no test files]
ok  	sigs.k8s.io/external-dns/source/wrappers	(cached)
